// Jest Snapshot v1, https://goo.gl/fbAQLP

exports[`Year renders correctly 1`] = `
.glamor-0,
[data-glamor-0] {
  color: #333;
  font-size: 0.75em;
  font-weight: 400;
  margin-top: 2em;
  padding-bottom: 0.5em;
}

.glamor-1,
[data-glamor-1] {
  align-content: center;
  align-items: center;
  display: -webkit-box;
  display: -moz-box;
  display: -ms-flexbox;
  display: -webkit-flex;
  display: flex;
  flex-flow: row wrap;
  padding: inherit;
  -webkit-align-content: center;
  -webkit-box-align: center;
  -webkit-align-items: center;
  -webkit-flex-flow: row wrap;
}

<article>
  <div
    className="glamor-0"
  >
    2017
  </div>
  <div
    className="glamor-1"
  >
    <div
      selectMonth={[Function]}
      selection={
        Object {
          "fst": undefined,
          "snd": undefined,
        }
      }
      year={2017}
    >
      Jan
    </div>
    <div
      selectMonth={[Function]}
      selection={
        Object {
          "fst": undefined,
          "snd": undefined,
        }
      }
      year={2017}
    >
      Feb
    </div>
    <div
      selectMonth={[Function]}
      selection={
        Object {
          "fst": undefined,
          "snd": undefined,
        }
      }
      year={2017}
    >
      Mar
    </div>
    <div
      selectMonth={[Function]}
      selection={
        Object {
          "fst": undefined,
          "snd": undefined,
        }
      }
      year={2017}
    >
      Apr
    </div>
    <div
      selectMonth={[Function]}
      selection={
        Object {
          "fst": undefined,
          "snd": undefined,
        }
      }
      year={2017}
    >
      May
    </div>
    <div
      selectMonth={[Function]}
      selection={
        Object {
          "fst": undefined,
          "snd": undefined,
        }
      }
      year={2017}
    >
      Jun
    </div>
  </div>
</article>
`;
